// Vitest Snapshot v1, https://vitest.dev/guide/snapshot.html

exports[`NavigationSidebar Component > matches snapshot 1`] = `
<div>
  <div
    class="chakra-stack css-1t05was"
  >
    <nav
      aria-label="breadcrumb"
      class="chakra-breadcrumb css-1rsh7lu"
    >
      <ol
        class="chakra-breadcrumb__list css-70qvj9"
      >
        <li
          class="chakra-breadcrumb__list-item css-18biwo"
        >
          <a
            class="chakra-breadcrumb__link css-0"
            id="Test path"
          >
             
            test name
          </a>
        </li>
      </ol>
    </nav>
    <h2
      class="chakra-heading css-0"
    >
      TestCategory
    </h2>
    <p
      class="chakra-text css-0"
    >
      10
       resultados
    </p>
    <div
      class="chakra-stack css-1igwmid"
    >
      <span
        class="css-12nbfm5"
      >
        <span
          class="css-zvlevn"
        >
          test filter 1 name
        </span>
        <button
          aria-label="Eliminar filtro"
          class="css-1t3z1vh"
          type="button"
        >
          <svg
            class="chakra-icon css-1md6f3y"
            focusable="false"
            viewBox="0 0 512 512"
          >
            <path
              d="M289.94 256l95-95A24 24 0 00351 127l-95 95-95-95a24 24 0 00-34 34l95 95-95 95a24 24 0 1034 34l95-95 95 95a24 24 0 0034-34z"
              fill="currentColor"
            />
          </svg>
        </button>
      </span>
    </div>
    <div
      class="css-0"
    >
      <div
        class="chakra-stack css-8g8ihq"
        id="category"
      >
        <div
          class="css-s98few"
        >
          <b
            class="chakra-text css-0"
          >
            Categor√≠as
          </b>
        </div>
      </div>
      <div
        class="chakra-stack css-8g8ihq"
        id="availableFilter1"
      >
        <div
          class="css-s98few"
        >
          <b
            class="chakra-text css-0"
          >
            TestAvailableFilter1
          </b>
        </div>
      </div>
    </div>
  </div>
</div>
`;
