// Vitest Snapshot v1, https://vitest.dev/guide/snapshot.html

exports[`FilterBadge Component > matches snapshot 1`] = `
<div>
  <span
    class="css-12nbfm5"
  >
    <span
      class="css-zvlevn"
    >
      valuesTestName
    </span>
    <button
      aria-label="Eliminar filtro"
      class="css-1t3z1vh"
      type="button"
    >
      <svg
        class="chakra-icon css-1md6f3y"
        focusable="false"
        viewBox="0 0 512 512"
      >
        <path
          d="M289.94 256l95-95A24 24 0 00351 127l-95 95-95-95a24 24 0 00-34 34l95 95-95 95a24 24 0 1034 34l95-95 95 95a24 24 0 0034-34z"
          fill="currentColor"
        />
      </svg>
    </button>
  </span>
</div>
`;
